// Jest Snapshot v1, https://goo.gl/fbAQLP

exports[`CuratedEventList should match snapshot 1`] = `
"<div class=\\"curatedEventList\\">
  <div class=\\"whiteBackground hasEvents\\">
    <div class=\\"container\\">
      <div>
        <h2>Käy ainakin näissä</h2>
      </div>
    </div>
  </div>
  <div class=\\"content hasEvents\\">
    <div class=\\"container\\">
      <div>
        <div class=\\"eventCards\\">
          <div class=\\"eventCard\\"><a aria-hidden=\\"true\\" class=\\"imageWrapper\\" style=\\"background-image: url(https://api.hel.fi/linkedevents/media/images/piha-2_yYlCdPB.jpg);\\" tabindex=\\"-1\\" href=\\"/fi/event/123\\">
              <div class=\\"tagWrapper\\">
                <div class=\\"priceWrapper\\"></div>
                <div class=\\"categoryWrapper\\"><button class=\\"keyword hideOnMobile\\" type=\\"button\\">Keyword 1 fi</button><button class=\\"keyword hideOnMobile\\" type=\\"button\\">Keyword 2 fi</button><button class=\\"keyword tramLight20\\" type=\\"button\\">Maksuton</button></div>
              </div>
            </a>
            <div class=\\"infoWrapper\\">
              <div class=\\"categoryWrapperDesktop\\"><button class=\\"keyword hideOnMobile\\" type=\\"button\\">Keyword 1 fi</button><button class=\\"keyword hideOnMobile\\" type=\\"button\\">Keyword 2 fi</button><button class=\\"keyword tramLight20\\" type=\\"button\\">Maksuton</button></div>
              <div class=\\"textWrapper\\">
                <div class=\\"eventDateAndTime\\">Pe 13.12.2019, klo 10.00</div><a aria-hidden=\\"true\\" class=\\"eventName\\" tabindex=\\"-1\\" href=\\"/fi/event/123\\">name fi</a>
                <div class=\\"srOnly\\">name fi</div>
                <div class=\\"eventLocation\\">name fi, streetAddress fi, locality fi</div>
                <div class=\\"eventPrice\\">Maksuton</div>
              </div>
              <div class=\\"buttonWrapper\\">
                <div class=\\"buyButtonWrapper\\"></div>
                <div class=\\"readMoreButtonWrapper\\"><button type=\\"button\\" class=\\"Button-module_button__3wgee button_hds-button__2A0je Button-module_primary__3bo_T button_hds-button--primary__2NVvO Button-module_size-small__2u97E button_hds-button--small__2NFef Button-module_fullWidth__2AR2o button_hds-button--fullwidth__1_hG9 buttonGray\\"><span class=\\"Button-module_label__2zMLC button_hds-button__label__2EQa-\\">Lue lisää</span></button></div>
              </div>
            </div>
          </div>
        </div>
      </div>
    </div>
  </div>
</div>"
`;
