// Jest Snapshot v1, https://goo.gl/fbAQLP

exports[`renders snapshot correctly 1`] = `"<div class=\\"pageWrapper\\"><header class=\\"headerWrapper\\"><div class=\\"container\\"><div class=\\"navbarTop\\"><div class=\\"logo\\"></div><h1 class=\\"appName\\">Tapahtumat</h1></div></div></header><div class=\\"pageBody\\"><div class=\\"container\\"><div class=\\"searchContainer\\"><div><h3>Löydä itsellesi tekemistä!</h3></div><div><label>Mitä etsit?</label></div><div><label>Mille ajankohdalle etsit?</label></div><div><button class=\\"btn btnMediumPrimary btnBlock\\" type=\\"button\\"><svg>search.svg</svg>Hae</button></div></div></div></div><footer class=\\"footerWrapper\\"><div class=\\"container\\"><div class=\\"footer\\"><div class=\\"helsinkiLogo\\"></div><div class=\\"copyright\\"><p>© Copyright 2019 • All right reserved •</p></div></div></div></footer></div>"`;
