// Jest Snapshot v1, https://goo.gl/fbAQLP

exports[`ServerApp matches snapshot 1`] = `
<div
  className="pageWrapper"
>
  <header
    className="headerWrapper"
  >
    <div
      className="container"
    >
      <div
        className="navbarTop"
      >
        <div
          className="logo"
        />
        <h1
          className="appName"
        >
          Tapahtumat
        </h1>
      </div>
    </div>
  </header>
  <div
    className="pageBody"
  >
    <div
      className="container"
    >
      <div
        className="searchContainer"
      >
        <div>
          <h3>
            Löydä itsellesi tekemistä!
          </h3>
        </div>
        <div>
          <label>
            Mitä etsit?
          </label>
        </div>
        <div>
          <label>
            Mille ajankohdalle etsit?
          </label>
        </div>
        <div>
          <button
            className="btn btnMediumPrimary btnBlock"
            type="button"
          >
            <svg>
              search.svg
            </svg>
            Hae
          </button>
        </div>
      </div>
    </div>
  </div>
  <footer
    className="footerWrapper"
  >
    <div
      className="container"
    >
      <div
        className="footer"
      >
        <div
          className="helsinkiLogo"
        />
        <div
          className="copyright"
        >
          <p>
            © Copyright 2019 • All right reserved •
          </p>
        </div>
      </div>
    </div>
  </footer>
</div>
`;
