// Jest Snapshot v1, https://goo.gl/fbAQLP

exports[`SearchAutosuggest matches snapshot 1`] = `
<div
  className="searchAutosuggest"
  onClick={[Function]}
>
  <div
    className="iconWrapper"
  >
    <svg>
      search.svg
    </svg>
  </div>
  <div>
    <div
      className="category"
    >
      <button
        aria-label="Poista kategoria: bar"
        className="closeButton"
        onClick={[Function]}
        type="button"
      >
        <svg
          className=""
          height="100%"
          viewBox="0 0 15 15"
          width="100%"
          xmlns="http://www.w3.org/2000/svg"
        >
          <path
            d="M13.412 0L15 1.588 9.088 7.5 15 13.412 13.412 15 7.5 9.088 1.588 15 0 13.412 5.911 7.5 0 1.588 1.588 0 7.5 5.912 13.412 0z"
            fillRule="nonzero"
          />
        </svg>
      </button>
      bar
    </div>
  </div>
  <div
    className="inputWrapper"
  >
    <input
      onChange={[Function]}
      onFocus={[Function]}
      placeholder="Lorem ipsum"
      type="text"
      value="search value"
    />
  </div>
</div>
`;
