// Jest Snapshot v1, https://goo.gl/fbAQLP

exports[`SearchAutosuggest matches snapshot 1`] = `
<div
  className="searchAutosuggest"
>
  <div
    className="iconWrapper"
  >
    <svg>
      search.svg
    </svg>
  </div>
  <div>
    <div
      className="category"
    >
      <button
        aria-label="Poista kategoria: bar"
        className="closeButton"
        onClick={[Function]}
        type="button"
      >
        <svg>
          close.svg
        </svg>
      </button>
      bar
    </div>
  </div>
  <div
    className="inputWrapper"
  >
    <input
      onChange={[Function]}
      placeholder="Lorem ipsum"
      type="text"
      value=""
    />
  </div>
  <div
    className="autosuggestMenu"
  >
    <div
      className="title"
    >
      Hakuehdotuksia
    </div>
    <ul
      className="autosuggesItems"
    >
      <li
        className="autosuggesItem autosuggestItem--category"
      >
        <div
          className="colorIndicator"
        />
        <div
          className="icon"
        />
        <div
          className="textWrapper"
        >
          <button>
            <div
              className="text"
            >
              Luonto ja ulkoilu
            </div>
          </button>
        </div>
      </li>
      <li
        className="autosuggesItem autosuggestItem--yso"
      >
        <div
          className="colorIndicator"
        />
        <div
          className="icon"
        />
        <div
          className="textWrapper"
        >
          <button>
            <div
              className="text"
            >
              Maastojuoksu
            </div>
          </button>
        </div>
      </li>
      <li
        className="autosuggesItem autosuggestItem--yso"
      >
        <div
          className="colorIndicator"
        />
        <div
          className="icon"
        />
        <div
          className="textWrapper"
        >
          <button>
            <div
              className="text"
            >
              Maastopyöräily
            </div>
          </button>
        </div>
      </li>
      <li
        className="autosuggesItem autosuggestItem--yso"
      >
        <div
          className="colorIndicator"
        />
        <div
          className="icon"
        />
        <div
          className="textWrapper"
        >
          <button>
            <div
              className="text"
            >
              Sunnistus
            </div>
          </button>
        </div>
      </li>
      <li
        className="autosuggesItem autosuggestItem--area"
      >
        <div
          className="colorIndicator"
        />
        <div
          className="icon"
        />
        <div
          className="textWrapper"
        >
          <button>
            <div
              className="text"
            >
              Keskusta
            </div>
          </button>
        </div>
      </li>
      <li
        className="autosuggesItem autosuggestItem--area"
      >
        <div
          className="colorIndicator"
        />
        <div
          className="icon"
        />
        <div
          className="textWrapper"
        >
          <button>
            <div
              className="text"
            >
              Käpylä
            </div>
          </button>
        </div>
      </li>
      <li
        className="autosuggesItem autosuggestItem--servicePoint"
      >
        <div
          className="colorIndicator"
        />
        <div
          className="icon"
        />
        <div
          className="textWrapper"
        >
          <button>
            <div
              className="text"
            >
              Kisahalli
            </div>
          </button>
        </div>
      </li>
      <li
        className="autosuggesItem autosuggestItem--servicePoint"
      >
        <div
          className="colorIndicator"
        />
        <div
          className="icon"
        />
        <div
          className="textWrapper"
        >
          <button>
            <div
              className="text"
            >
              Annatalo
            </div>
          </button>
        </div>
      </li>
      <li
        className="autosuggesItem autosuggestItem--servicePoint"
      >
        <div
          className="colorIndicator"
        />
        <div
          className="icon"
        />
        <div
          className="textWrapper"
        >
          <button>
            <div
              className="text"
            >
              Stoa
            </div>
          </button>
        </div>
      </li>
      <li
        className="autosuggesItem autosuggestItem--servicePoint"
      >
        <div
          className="colorIndicator"
        />
        <div
          className="icon"
        />
        <div
          className="textWrapper"
        >
          <button>
            <div
              className="text"
            >
              Caisa
            </div>
          </button>
        </div>
      </li>
    </ul>
    <div
      className="info"
    >
      Voit myös etsiä kirjoittamallasi hakusanalla
    </div>
  </div>
</div>
`;
