// Jest Snapshot v1, https://goo.gl/fbAQLP

exports[`AutosuggestMenu matches snapshot 1`] = `
<div
  class="autosuggestMenu"
>
  <div
    class="title"
  >
    Hakuehdotuksia
    <button
      aria-label="Sulje valikko"
      class="closeButton"
    >
      <svg
        class="Icon-module_icon__1Jtzj icon_hds-icon__1YqNC Icon-module_s__2WGWe icon_hds-icon--size-s__2Lkik"
        viewBox="0 0 24 24"
        xmlns="http://www.w3.org/2000/svg"
      >
        <g
          fill="none"
          fill-rule="evenodd"
        >
          <path
            d="M0 0h24v24H0z"
          />
          <path
            d="M17.657 7.757L13.414 12l4.243 4.243-1.414 1.414L12 13.414l-4.243 4.243-1.414-1.414L10.586 12 6.343 7.757l1.414-1.414L12 10.586l4.243-4.243z"
            fill="currentColor"
          />
        </g>
      </svg>
    </button>
  </div>
  <ul
    class="autosuggestOptions"
    role="listbox"
  >
    <li
      aria-selected="true"
      class="autosuggestOption autosuggestOption--text autosuggestOption--isFocused"
      role="option"
    >
      <div
        class="icon"
      />
      <div
        class="textWrapper"
      >
        <div
          class="text"
        >
          foo
        </div>
      </div>
    </li>
  </ul>
  <div
    class="info"
  >
    Voit myös etsiä kirjoittamallasi hakusanalla
  </div>
</div>
`;
