// Jest Snapshot v1, https://goo.gl/fbAQLP

exports[`matches snapshot 1`] = `
<div
  class="hero"
>
  <div
    class="container"
  >
    <h1>
      Tietoa palvelusta
    </h1>
    <p>
      Tapahtumat.helsinki -verkkosivusto auttaa helsinkiläisiä ja Helsingissä vierailevia löytämään tekemistä helposti ja kätevästi yhdestä paikasta. Mukana on kaupungin oman tapahtumatarjonnan lisäksi yhdistysten, yritysten ja yksittäisten kaupunkilaisten järjestämiä tapahtumia. Vuodesta 2021 alkaen sivustolla on tarkoitus julkaista tietoa myös harrastuksista ja kursseista.
    </p>
    <p>
      Sivustoa ylläpitää Helsingin kaupungin kulttuurin ja vapaa-ajan toimialan viestintä
    </p>
  </div>
</div>
`;
