// Jest Snapshot v1, https://goo.gl/fbAQLP

exports[`matches snapshot 1`] = `
<div
  class="hero"
>
  <div
    class="container"
  >
    <h1>
      About the service
    </h1>
    <p>
      This website (tapahtumat.helsinki) uses so-called cookies, Cookies are small pieces of data which are saved in your browser when you load a website. It allows for recognition of your computer/IP address and for collection of information about the pages you visit and which features you use.
    </p>
    <p>
      The cookies set on our website do not collect personal data about users. The data retrieved will be used only to enhance the quality and accessibility of content, service and support to our visitors. The data may be made public from time to time, however only in an aggregate, non-personally identifiable form, indicating for instance the total number of site visitors.
    </p>
  </div>
</div>
`;
