// Jest Snapshot v1, https://goo.gl/fbAQLP

exports[`matches snapshot 1`] = `
<div
  class="filterSummary"
>
  <div
    class="filter text"
  >
    <button
      aria-label="Poista suodatin: jazz"
      class="closeButton"
      type="button"
    >
      <svg
        class="Icon-module_icon__1Jtzj icon_hds-icon__1YqNC Icon-module_s__2WGWe icon_hds-icon--size-s__2Lkik"
        viewBox="0 0 24 24"
        xmlns="http://www.w3.org/2000/svg"
      >
        <g
          fill="none"
          fill-rule="evenodd"
        >
          <path
            d="M0 0h24v24H0z"
          />
          <path
            d="M17.657 7.757L13.414 12l4.243 4.243-1.414 1.414L12 13.414l-4.243 4.243-1.414-1.414L10.586 12 6.343 7.757l1.414-1.414L12 10.586l4.243-4.243z"
            fill="currentColor"
          />
        </g>
      </svg>
    </button>
    jazz
  </div>
  <div
    class="filter category"
  >
    <button
      aria-label="Poista suodatin: Elokuva"
      class="closeButton"
      type="button"
    >
      <svg
        class="Icon-module_icon__1Jtzj icon_hds-icon__1YqNC Icon-module_s__2WGWe icon_hds-icon--size-s__2Lkik"
        viewBox="0 0 24 24"
        xmlns="http://www.w3.org/2000/svg"
      >
        <g
          fill="none"
          fill-rule="evenodd"
        >
          <path
            d="M0 0h24v24H0z"
          />
          <path
            d="M17.657 7.757L13.414 12l4.243 4.243-1.414 1.414L12 13.414l-4.243 4.243-1.414-1.414L10.586 12 6.343 7.757l1.414-1.414L12 10.586l4.243-4.243z"
            fill="currentColor"
          />
        </g>
      </svg>
    </button>
    Elokuva
  </div>
  <div
    class="filter publisher"
  >
    <button
      aria-label="Poista suodatin: Yleiset kulttuuripalvelut"
      class="closeButton"
      type="button"
    >
      <svg
        class="Icon-module_icon__1Jtzj icon_hds-icon__1YqNC Icon-module_s__2WGWe icon_hds-icon--size-s__2Lkik"
        viewBox="0 0 24 24"
        xmlns="http://www.w3.org/2000/svg"
      >
        <g
          fill="none"
          fill-rule="evenodd"
        >
          <path
            d="M0 0h24v24H0z"
          />
          <path
            d="M17.657 7.757L13.414 12l4.243 4.243-1.414 1.414L12 13.414l-4.243 4.243-1.414-1.414L10.586 12 6.343 7.757l1.414-1.414L12 10.586l4.243-4.243z"
            fill="currentColor"
          />
        </g>
      </svg>
    </button>
    Yleiset kulttuuripalvelut
  </div>
  <div
    class="filter division"
  >
    <button
      aria-label="Poista suodatin: Alppiharju"
      class="closeButton"
      type="button"
    >
      <svg
        class="Icon-module_icon__1Jtzj icon_hds-icon__1YqNC Icon-module_s__2WGWe icon_hds-icon--size-s__2Lkik"
        viewBox="0 0 24 24"
        xmlns="http://www.w3.org/2000/svg"
      >
        <g
          fill="none"
          fill-rule="evenodd"
        >
          <path
            d="M0 0h24v24H0z"
          />
          <path
            d="M17.657 7.757L13.414 12l4.243 4.243-1.414 1.414L12 13.414l-4.243 4.243-1.414-1.414L10.586 12 6.343 7.757l1.414-1.414L12 10.586l4.243-4.243z"
            fill="currentColor"
          />
        </g>
      </svg>
    </button>
    Alppiharju
  </div>
  <div
    class="filter place"
  >
    <button
      aria-label="Poista suodatin: Gräsan taitojen talo"
      class="closeButton"
      type="button"
    >
      <svg
        class="Icon-module_icon__1Jtzj icon_hds-icon__1YqNC Icon-module_s__2WGWe icon_hds-icon--size-s__2Lkik"
        viewBox="0 0 24 24"
        xmlns="http://www.w3.org/2000/svg"
      >
        <g
          fill="none"
          fill-rule="evenodd"
        >
          <path
            d="M0 0h24v24H0z"
          />
          <path
            d="M17.657 7.757L13.414 12l4.243 4.243-1.414 1.414L12 13.414l-4.243 4.243-1.414-1.414L10.586 12 6.343 7.757l1.414-1.414L12 10.586l4.243-4.243z"
            fill="currentColor"
          />
        </g>
      </svg>
    </button>
    Gräsan taitojen talo
  </div>
  <div
    class="filter date"
  >
    <button
      aria-label="Poista suodatin: 20.08.2020 - 23.08.2020"
      class="closeButton"
      type="button"
    >
      <svg
        class="Icon-module_icon__1Jtzj icon_hds-icon__1YqNC Icon-module_s__2WGWe icon_hds-icon--size-s__2Lkik"
        viewBox="0 0 24 24"
        xmlns="http://www.w3.org/2000/svg"
      >
        <g
          fill="none"
          fill-rule="evenodd"
        >
          <path
            d="M0 0h24v24H0z"
          />
          <path
            d="M17.657 7.757L13.414 12l4.243 4.243-1.414 1.414L12 13.414l-4.243 4.243-1.414-1.414L10.586 12 6.343 7.757l1.414-1.414L12 10.586l4.243-4.243z"
            fill="currentColor"
          />
        </g>
      </svg>
    </button>
    20.08.2020 - 23.08.2020
  </div>
  <div
    class="filter dateType"
  >
    <button
      aria-label="Poista suodatin: Tänään"
      class="closeButton"
      type="button"
    >
      <svg
        class="Icon-module_icon__1Jtzj icon_hds-icon__1YqNC Icon-module_s__2WGWe icon_hds-icon--size-s__2Lkik"
        viewBox="0 0 24 24"
        xmlns="http://www.w3.org/2000/svg"
      >
        <g
          fill="none"
          fill-rule="evenodd"
        >
          <path
            d="M0 0h24v24H0z"
          />
          <path
            d="M17.657 7.757L13.414 12l4.243 4.243-1.414 1.414L12 13.414l-4.243 4.243-1.414-1.414L10.586 12 6.343 7.757l1.414-1.414L12 10.586l4.243-4.243z"
            fill="currentColor"
          />
        </g>
      </svg>
    </button>
    Tänään
  </div>
  <button
    class="clearButton"
    type="button"
  >
    Tyhjennä hakuehdot
  </button>
</div>
`;
