// Jest Snapshot v1, https://goo.gl/fbAQLP

exports[`LandingPageHero matches snapshot 1`] = `"<div class=\\"landingPageHero\\"><div class=\\"image\\"></div><div class=\\"container\\"><div class=\\"content\\"><div class=\\"subTitle\\">Description fi:</div><div class=\\"title\\">Title fi:</div><button type=\\"button\\" class=\\"_3wgeeaHxiHujNcKzeML5j4 _3aSBFzRPhZcNdul13_gERo _3bo_TEhSbadoDUbxUTgx4J primary\\"><span class=\\"_2zMLCVF6mmvV2UqfaBF5K\\">Button text fi:</span></button></div></div></div>"`;
