// Jest Snapshot v1, https://goo.gl/fbAQLP

exports[`Checkbox matches snapshot 1`] = `
<label
  className="checkbox test-class-name"
>
  <span
    className="checkmarkWrapper"
  >
    <input
      checked={true}
      type="checkbox"
    />
    <span
      className="checkmark"
    />
  </span>
  Test
</label>
`;
