// Jest Snapshot v1, https://goo.gl/fbAQLP

exports[`CollectionCardContainer matches snapshot 1`] = `
<div
  className="collectionCardContainer lgLayout"
>
  <div
    className="collectionCardWrapper lgSize"
  >
    <a
      aria-hidden={true}
      aria-label="Siirry tapahtumaan: "
      className="imageWrapper"
      href="/fi/collection/1"
      onClick={[Function]}
      style={
        Object {
          "backgroundImage": "url(testurl.png)",
        }
      }
      tabIndex={-1}
    />
    <div
      className="textWrapper"
    >
      <div
        className="countWrapper"
      >
        <div
          className="count"
        >
          1 kpl
        </div>
      </div>
      <div
        className="titleWrapper"
      >
        <a
          aria-hidden={true}
          className="title"
          href="/fi/collection/1"
          onClick={[Function]}
          tabIndex={-1}
        >
          Syksyn riehakkaimmat riennot
        </a>
        <div
          className="srOnly"
        >
          Syksyn riehakkaimmat riennot
        </div>
        <div
          className="description"
        >
          Etiam rhoncus. Maecenas tempus, tellus eget condimentum rhoncus, sem quam semper libero, sit amet adipiscing sem neque s...
        </div>
      </div>
      <div
        className="linkWrapper"
      >
        <a
          aria-label="Siirry kokoelmaan: Syksyn riehakkaimmat riennot"
          className="iconLink default"
          href="/fi/collection/1"
          onClick={[Function]}
        >
          <div
            className="iconWrapper"
          >
            <svg
              className="Icon-module_icon__1Jtzj icon_hds-icon__1YqNC Icon-module_s__2WGWe icon_hds-icon--size-s__2Lkik"
              style={Object {}}
              viewBox="0 0 24 24"
              xmlns="http://www.w3.org/2000/svg"
            >
              <g
                fill="none"
                fillRule="evenodd"
              >
                <path
                  d="M0 0h24v24H0z"
                />
                <path
                  d="M12.586 7.05L14 5.636 20.364 12 14 18.364l-1.414-1.414 3.95-3.95H4v-2h12.535z"
                  fill="currentColor"
                />
              </g>
            </svg>
          </div>
        </a>
      </div>
    </div>
  </div>
</div>
`;
