// Jest Snapshot v1, https://goo.gl/fbAQLP

exports[`DateSelectorMenu matches snapshot 1`] = `
<div
  className="dateSelectorMenu"
>
  <div
    className="wrapper"
  >
    <label
      className="checkbox"
    >
      <span
        className="checkmarkWrapper"
      >
        <input
          checked={false}
          name="date"
          onChange={[Function]}
          type="checkbox"
          value="today"
        />
        <span
          className="checkmark"
        />
      </span>
      Tänään
    </label>
    <label
      className="checkbox"
    >
      <span
        className="checkmarkWrapper"
      >
        <input
          checked={false}
          name="date"
          onChange={[Function]}
          type="checkbox"
          value="tomorrow"
        />
        <span
          className="checkmark"
        />
      </span>
      Huomenna
    </label>
    <label
      className="checkbox"
    >
      <span
        className="checkmarkWrapper"
      >
        <input
          checked={false}
          name="date"
          onChange={[Function]}
          type="checkbox"
          value="this_week"
        />
        <span
          className="checkmark"
        />
      </span>
      Tällä viikolla
    </label>
    <label
      className="checkbox"
    >
      <span
        className="checkmarkWrapper"
      >
        <input
          checked={false}
          name="date"
          onChange={[Function]}
          type="checkbox"
          value="weekend"
        />
        <span
          className="checkmark"
        />
      </span>
      Viikonloppuna
    </label>
  </div>
  <button
    className="button btnSelectDates"
    onClick={[Function]}
    type="button"
  >
    <svg
      className=""
      fillRule="evenodd"
      height="100%"
      viewBox="0 0 26 26"
      width="100%"
      xmlns="http://www.w3.org/2000/svg"
    >
      <path
        d="M9.8,24.406l-9.8,0l0,-21.2l6.4,0l0,-2.2l2,0l0,2.2l9.2,0l0,-2.2l2,0l0,2.2l6.4,0l0,21.2l-16.2,0Zm14.2,-14.4l-22,0l0,12.4l7.791,0l0,0l14.209,0l0,-12.4Zm-9.5,5.327l2.333,0l0,2l-2.333,0l0,2.334l-2,0l0,-2.334l-2.333,0l0,-2l2.333,0l0,-2.333l2,0l0,2.333Zm9.5,-10.127l-22,0l0,2.8l22,0l0,-2.8Z"
      />
    </svg>
    <div
      className="buttonText"
    >
      Valitse päivät
    </div>
    <svg
      className=""
      height="100%"
      viewBox="0 0 199.404 199.404"
      width="100%"
      xmlns="http://www.w3.org/2000/svg"
    >
      <g>
        <polygon
          points="63.993,199.404 163.695,99.702 63.993,0 35.709,28.285 107.127,99.702 35.709,171.119  "
        />
      </g>
    </svg>
  </button>
  <button
    className="button btnBack hidden"
    onClick={[Function]}
    type="button"
  >
    <svg
      className=""
      height="100%"
      viewBox="0 0 199.404 199.404"
      width="100%"
      xmlns="http://www.w3.org/2000/svg"
    >
      <g>
        <polygon
          points="135.412,0 35.709,99.702 135.412,199.404 163.695,171.119 92.277,99.702 163.695,28.285  "
        />
      </g>
    </svg>
    <div
      className="buttonText"
    >
      Takaisin
    </div>
  </button>
  <button
    className="button btnClose hidden"
    onClick={[Function]}
    type="button"
  >
    <div
      className="buttonText"
    >
      Sulje
    </div>
  </button>
</div>
`;
