// Jest Snapshot v1, https://goo.gl/fbAQLP

exports[`matches snapshot 1`] = `
<a
  aria-label="Siirry kokoelmaan: Collection title"
  class="collectionCardWrapper lgSize"
  href="/fi/collection/collection-title"
>
  <div
    aria-hidden="true"
    class="imageWrapper"
    style="background-image: url(imageurl.png);"
  />
  <div
    class="textWrapper"
  >
    <div
      class="countWrapper"
    >
      <div
        class="count"
      >
        0 kpl
      </div>
    </div>
    <div
      class="titleWrapper"
    >
      <span
        class="title"
      >
        Collection title
      </span>
      <div
        class="description"
      >
        Lorem ipsum
      </div>
    </div>
    <div
      class="linkWrapper"
    >
      <div>
        <button
          aria-hidden="true"
          aria-label="Siirry kokoelmaan: Collection title"
          class="iconButton default backgroundDefault"
        >
          <svg
            class="Icon-module_icon__1Jtzj icon_hds-icon__1YqNC Icon-module_s__2WGWe icon_hds-icon--size-s__2Lkik"
            viewBox="0 0 24 24"
            xmlns="http://www.w3.org/2000/svg"
          >
            <g
              fill="none"
              fill-rule="evenodd"
            >
              <path
                d="M0 0h24v24H0z"
              />
              <path
                d="M12.586 7.05L14 5.636 20.364 12 14 18.364l-1.414-1.414 3.95-3.95H4v-2h12.535z"
                fill="currentColor"
              />
            </g>
          </svg>
        </button>
      </div>
    </div>
  </div>
</a>
`;
