// Jest Snapshot v1, https://goo.gl/fbAQLP

exports[`matches snapshot 1`] = `
<a
  aria-label="Siirry kokoelmaan: Collection title"
  class="collectionCardWrapper lgSize"
  href="/fi/collection/collection-title"
>
  <div
    aria-hidden="true"
    class="imageWrapper"
    style="background-image: url(imageurl.png);"
  />
  <div
    class="textWrapper"
  >
    <div
      class="countWrapper"
    >
      <div
        class="count"
      >
        0 kpl
      </div>
    </div>
    <div
      class="titleWrapper"
    >
      <span
        class="title"
      >
        Collection title
      </span>
      <div
        class="description"
      >
        Lorem ipsum
      </div>
    </div>
    <div
      class="linkWrapper"
    >
      <div>
        <button
          aria-hidden="true"
          aria-label="Siirry kokoelmaan: Collection title"
          class="iconButton default backgroundDefault"
        >
          <svg
            aria-hidden="true"
            class="Icon-module_icon__1Jtzj icon_hds-icon__1YqNC Icon-module_s__2WGWe icon_hds-icon--size-s__2Lkik"
            role="img"
            viewBox="0 0 24 24"
            xmlns="http://www.w3.org/2000/svg"
          >
            <g
              fill="none"
              fill-rule="evenodd"
            >
              <rect
                height="24"
                width="24"
              />
              <polygon
                fill="currentColor"
                points="10.5 5.5 12 7 8 11 20.5 11 20.5 13 8 13 12 17 10.5 18.5 4 12"
                transform="matrix(-1 0 0 1 24.5 0)"
              />
            </g>
          </svg>
        </button>
      </div>
    </div>
  </div>
</a>
`;
