// Jest Snapshot v1, https://goo.gl/fbAQLP

exports[`IconButton matches snapshot 1`] = `
<button
  aria-label="Aria label"
  className="iconButton small"
>
  <svg
    className=""
    height="100%"
    viewBox="0 0 199.404 199.404"
    width="100%"
    xmlns="http://www.w3.org/2000/svg"
  >
    <g>
      <polygon
        points="63.993,199.404 163.695,99.702 63.993,0 35.709,28.285 107.127,99.702 35.709,171.119  "
      />
    </g>
  </svg>
</button>
`;
