// Jest Snapshot v1, https://goo.gl/fbAQLP

exports[`IconButton matches snapshot 1`] = `
<button
  aria-label="Aria label"
  className="iconButton small"
>
  <svg
    className="Icon-module_icon__1Jtzj icon_hds-icon__1YqNC Icon-module_s__2WGWe icon_hds-icon--size-s__2Lkik"
    style={Object {}}
    viewBox="0 0 24 24"
    xmlns="http://www.w3.org/2000/svg"
  >
    <g
      fill="none"
      fillRule="evenodd"
    >
      <path
        d="M0 24V0h24v24z"
      />
      <path
        d="M13 12.5l-5-5L9.5 6l6.5 6.5L9.5 19 8 17.5z"
        fill="currentColor"
      />
    </g>
  </svg>
</button>
`;
