// Jest Snapshot v1, https://goo.gl/fbAQLP

exports[`Html matches snapshot 1`] = `
<html
  lang="en"
>
  <head>
    <meta
      charSet="utf-8"
    />
    <meta
      content="width=device-width, initial-scale=1, shrink-to-fit=no"
      name="viewport"
    />
    <meta
      content="#000000"
      name="theme-color"
    />
    <meta
      content="http://localhost:3000"
      property="og:url"
    />
    <link
      href="/manifest.json"
      rel="manifest"
    />
    <link
      href="/favicon.ico"
      rel="shortcut icon"
    />
    <link
      href="/images/apple-touch-icon.png"
      rel="apple-touch-icon"
      sizes="180x180"
    />
    <meta
      content="#da532c"
      name="msapplication-TileColor"
    />
    <link
      href="http://localhost:3000"
      rel="canonical"
    />
    &lt;meta data-react-helmet="true" name="description" content="testing react helmet"&gt;
    &lt;title&gt;Test title&lt;/title&gt;
    &lt;link rel="canonical" href="http://localhost:3000" /&gt;
    <link
      href="test1.css"
      rel="stylesheet"
    />
    <link
      href="test2.css"
      rel="stylesheet"
    />
  </head>
  <body
    tabIndex={-1}
  >
    <noscript>
      You need to enable JavaScript to run this app.
    </noscript>
    <div
      dangerouslySetInnerHTML={
        Object {
          "__html": "<p>Test content</p>",
        }
      }
      id="root"
    />
    <script
      dangerouslySetInnerHTML={
        Object {
          "__html": "window.__APOLLO_STATE__={};",
        }
      }
    />
    <script
      dangerouslySetInnerHTML={
        Object {
          "__html": "window.initialI18nStore={\\"en\\":{},\\"fi\\":{},\\"sv\\":{}};
window.initialLanguage=\\"fi\\";",
        }
      }
    />
    <script
      src="test1.js"
    />
    <script
      src="test2.js"
    />
  </body>
</html>
`;
