// Jest Snapshot v1, https://goo.gl/fbAQLP

exports[`Home matches snapshot 1`] = `
<div
  className="pageWrapper"
>
  <header
    className="headerWrapper"
  >
    <div
      className="container"
    >
      <div
        className="navbarTop"
      >
        <div
          className="logoWrapper"
        >
          <div
            className="logo"
            onClick={[Function]}
          />
          <h1
            className="appName"
          >
            Tapahtumat
          </h1>
        </div>
        <div
          className="linkWrapper"
        >
          <div
            className="iconLink"
          >
            <a
              href="/fi/events"
              onClick={[Function]}
            >
              <div
                className="iconWrapper"
              >
                <svg>
                  search.svg
                </svg>
              </div>
              <div
                className="textWrapper"
              >
                Etsi tekemistä
              </div>
            </a>
          </div>
          <div
            className="iconLink"
          >
            <a
              href="/fi/collections"
              onClick={[Function]}
            >
              <div
                className="iconWrapper"
              >
                <svg>
                  smile.svg
                </svg>
              </div>
              <div
                className="textWrapper"
              >
                Selaa kokoelmia
              </div>
            </a>
          </div>
        </div>
        <div
          className="languageDropdown"
        >
          <div
            className="languageDropdownWrapper"
          >
            <div
              className="select css-2b097c-container"
              onKeyDown={[Function]}
            >
              <div
                className="select__control css-yk16xz-control"
                onMouseDown={[Function]}
                onTouchEnd={[Function]}
              >
                <div
                  className="select__value-container select__value-container--has-value css-1hwfws3"
                >
                  <div
                    className="select__single-value css-1uccc91-singleValue"
                  >
                    FI
                  </div>
                  <input
                    className="css-62g3xt-dummyInput"
                    disabled={false}
                    id="react-select-2-input"
                    onBlur={[Function]}
                    onChange={[Function]}
                    onFocus={[Function]}
                    readOnly={true}
                    tabIndex="0"
                    value=""
                  />
                </div>
                <div
                  className="select__indicators css-1hb7zxy-IndicatorsContainer"
                >
                  <div
                    className="select__dropdown-indicator"
                  >
                    <svg>
                      angle-down.svg
                    </svg>
                  </div>
                </div>
              </div>
            </div>
          </div>
        </div>
      </div>
    </div>
  </header>
  <div
    className="mobileNavigation"
  >
    <header
      className="mobileHeaderWrapper"
    >
      <div
        className="container"
      >
        <div
          className="mobileNavbar"
        >
          <div
            className="logoWrapper"
          >
            <div
              className="logo"
              onClick={[Function]}
            />
            <h1
              className="appName"
            >
              Tapahtumat
            </h1>
          </div>
          <div
            className="buttonWrapper"
          >
            <button
              aria-label="Avaa valikko"
              className="menuButton"
              onClick={[Function]}
            >
              <svg>
                menu.svg
              </svg>
            </button>
          </div>
        </div>
      </div>
    </header>
    <div
      className="mobileNavigationMenu"
    >
      <div
        className="menuItem searchCategories"
        onClick={[Function]}
      >
        <div
          className="text"
        >
          Selaa kategorioita
        </div>
        <div
          className="iconWrapper"
        >
          <svg>
            tags-search.svg
          </svg>
        </div>
      </div>
      <div
        className="menuItem searchEvents"
        onClick={[Function]}
      >
        <div
          className="text"
        >
          Etsi tekemistä
        </div>
        <div
          className="iconWrapper"
        >
          <svg>
            one-eye-smiley.svg
          </svg>
        </div>
      </div>
      <div
        className="menuItem mostPopular"
        onClick={[Function]}
      >
        <div
          className="text"
        >
          Suosituimmat haut
        </div>
        <div
          className="iconWrapper"
        >
          <svg>
            ranking-stars-ribbon.svg
          </svg>
        </div>
      </div>
      <div
        className="menuItem aboutService"
        onClick={[Function]}
      >
        <div
          className="text"
        >
          Tietoa palvelusta
        </div>
        <div
          className="iconWrapper"
        >
          <svg>
            flag-information.svg
          </svg>
        </div>
      </div>
      <div
        className="login"
        onClick={[Function]}
      >
        <div
          className="squareExtension"
        />
      </div>
    </div>
  </div>
  <div
    className="pageBody"
  >
    <div
      className="heroWrapper"
    >
      <div
        className="heroImage"
      />
      <div
        className="container"
      >
        <div
          className="textWrapper"
        >
          <div
            className="subTitle"
          >
            Kokosimme yhteen
          </div>
          <div
            className="title"
          >
            Syysloman riehakaimmat riennot!
          </div>
          <button
            className="_3wgeeaHxiHujNcKzeML5j4 _3aSBFzRPhZcNdul13_gERo _3bo_TEhSbadoDUbxUTgx4J primary"
            disabled={false}
            onClick={[Function]}
            type="button"
          >
            <span
              className="_2zMLCVF6mmvV2UqfaBF5K"
            >
              Katso vinkit
            </span>
          </button>
        </div>
      </div>
    </div>
    <div
      className="container"
    >
      <div
        className="searchContainer"
      >
        <button
          className="supriseMeButton"
          onClick={[Function]}
          type="button"
        >
          <div
            className="text"
          >
            Yllätä minut
          </div>
          <svg>
            suprise-me.svg
          </svg>
        </button>
        <div
          className="titleWrapper"
        >
          <h3>
            Löydä itsellesi tekemistä!
          </h3>
        </div>
        <div
          className="autosuggestWrapper"
        >
          <label>
            Mitä etsit?
          </label>
          <div
            className="searchAutosuggest"
            onClick={[Function]}
          >
            <div
              className="iconWrapper"
            >
              <svg>
                search.svg
              </svg>
            </div>
            <div />
            <div
              className="inputWrapper"
            >
              <input
                onChange={[Function]}
                onFocus={[Function]}
                placeholder="Aloita kirjoittamalla tähän, esim. teatteri"
                type="text"
                value=""
              />
            </div>
          </div>
        </div>
        <div
          className="dateSelectorWrapper"
        >
          <label>
            Mille ajankohdalle etsit?
          </label>
          <div
            className="dateSelector"
          >
            <button
              className="button"
              onClick={[Function]}
              type="button"
            >
              <div
                className="iconWrapper"
              >
                <svg>
                  calendar.svg
                </svg>
              </div>
              <div
                className="info"
              >
                Valitse ajankohta
              </div>
              <div
                className="arrowWrapper"
              >
                <svg>
                  angle-down.svg
                </svg>
              </div>
            </button>
          </div>
        </div>
        <div
          className="buttonWrapper"
        >
          <button
            className="_3wgeeaHxiHujNcKzeML5j4 _3aSBFzRPhZcNdul13_gERo _3bo_TEhSbadoDUbxUTgx4J _2AR2oE9bnVLLmiLEmYiWNc primary"
            disabled={false}
            onClick={[Function]}
            type="button"
          >
            <div
              aria-hidden="true"
              className="_3Wlc6ydCOxrot7DuTOBW8x"
            >
              <svg>
                search.svg
              </svg>
            </div>
            <span
              className="_2zMLCVF6mmvV2UqfaBF5K"
            >
              Hae
            </span>
          </button>
        </div>
      </div>
      <div
        className="categoriesWrapper"
      >
        <div
          className="categoryFilters"
        >
          <div
            className="categoryFilter"
          >
            <button
              onClick={[Function]}
            >
              <svg>
                movie.svg
              </svg>
              <span>
                Elokuva
              </span>
              <svg
                className=""
                height="100%"
                viewBox="0 0 199.404 199.404"
                width="100%"
                xmlns="http://www.w3.org/2000/svg"
              >
                <g>
                  <polygon
                    points="63.993,199.404 163.695,99.702 63.993,0 35.709,28.285 107.127,99.702 35.709,171.119  "
                  />
                </g>
              </svg>
            </button>
          </div>
          <div
            className="categoryFilter"
          >
            <button
              onClick={[Function]}
            >
              <svg>
                music.svg
              </svg>
              <span>
                Musiikki
              </span>
              <svg
                className=""
                height="100%"
                viewBox="0 0 199.404 199.404"
                width="100%"
                xmlns="http://www.w3.org/2000/svg"
              >
                <g>
                  <polygon
                    points="63.993,199.404 163.695,99.702 63.993,0 35.709,28.285 107.127,99.702 35.709,171.119  "
                  />
                </g>
              </svg>
            </button>
          </div>
          <div
            className="categoryFilter"
          >
            <button
              onClick={[Function]}
            >
              <svg>
                sport.svg
              </svg>
              <span>
                Liikunta ja urheilu
              </span>
              <svg
                className=""
                height="100%"
                viewBox="0 0 199.404 199.404"
                width="100%"
                xmlns="http://www.w3.org/2000/svg"
              >
                <g>
                  <polygon
                    points="63.993,199.404 163.695,99.702 63.993,0 35.709,28.285 107.127,99.702 35.709,171.119  "
                  />
                </g>
              </svg>
            </button>
          </div>
          <div
            className="categoryFilter"
          >
            <button
              onClick={[Function]}
            >
              <svg>
                museum.svg
              </svg>
              <span>
                Museot
              </span>
              <svg
                className=""
                height="100%"
                viewBox="0 0 199.404 199.404"
                width="100%"
                xmlns="http://www.w3.org/2000/svg"
              >
                <g>
                  <polygon
                    points="63.993,199.404 163.695,99.702 63.993,0 35.709,28.285 107.127,99.702 35.709,171.119  "
                  />
                </g>
              </svg>
            </button>
          </div>
          <div
            className="categoryFilter"
          >
            <button
              onClick={[Function]}
            >
              <svg>
                dance.svg
              </svg>
              <span>
                Tanssi
              </span>
              <svg
                className=""
                height="100%"
                viewBox="0 0 199.404 199.404"
                width="100%"
                xmlns="http://www.w3.org/2000/svg"
              >
                <g>
                  <polygon
                    points="63.993,199.404 163.695,99.702 63.993,0 35.709,28.285 107.127,99.702 35.709,171.119  "
                  />
                </g>
              </svg>
            </button>
          </div>
          <div
            className="categoryFilter"
          >
            <button
              onClick={[Function]}
            >
              <svg>
                culture.svg
              </svg>
              <span>
                Kulttuuri ja taide
              </span>
              <svg
                className=""
                height="100%"
                viewBox="0 0 199.404 199.404"
                width="100%"
                xmlns="http://www.w3.org/2000/svg"
              >
                <g>
                  <polygon
                    points="63.993,199.404 163.695,99.702 63.993,0 35.709,28.285 107.127,99.702 35.709,171.119  "
                  />
                </g>
              </svg>
            </button>
          </div>
          <div
            className="categoryFilter"
          >
            <button
              onClick={[Function]}
            >
              <svg>
                nature.svg
              </svg>
              <span>
                Luonto ja ulkoilu
              </span>
              <svg
                className=""
                height="100%"
                viewBox="0 0 199.404 199.404"
                width="100%"
                xmlns="http://www.w3.org/2000/svg"
              >
                <g>
                  <polygon
                    points="63.993,199.404 163.695,99.702 63.993,0 35.709,28.285 107.127,99.702 35.709,171.119  "
                  />
                </g>
              </svg>
            </button>
          </div>
          <div
            className="categoryFilter"
          >
            <button
              onClick={[Function]}
            >
              <svg>
                influence.svg
              </svg>
              <span>
                Osallistu ja vaikuta
              </span>
              <svg
                className=""
                height="100%"
                viewBox="0 0 199.404 199.404"
                width="100%"
                xmlns="http://www.w3.org/2000/svg"
              >
                <g>
                  <polygon
                    points="63.993,199.404 163.695,99.702 63.993,0 35.709,28.285 107.127,99.702 35.709,171.119  "
                  />
                </g>
              </svg>
            </button>
          </div>
          <div
            className="categoryFilter"
          >
            <button
              onClick={[Function]}
            >
              <svg>
                theatre.svg
              </svg>
              <span>
                Teatteri
              </span>
              <svg
                className=""
                height="100%"
                viewBox="0 0 199.404 199.404"
                width="100%"
                xmlns="http://www.w3.org/2000/svg"
              >
                <g>
                  <polygon
                    points="63.993,199.404 163.695,99.702 63.993,0 35.709,28.285 107.127,99.702 35.709,171.119  "
                  />
                </g>
              </svg>
            </button>
          </div>
          <div
            className="categoryFilter"
          >
            <button
              onClick={[Function]}
            >
              <svg>
                food.svg
              </svg>
              <span>
                Ruoka
              </span>
              <svg
                className=""
                height="100%"
                viewBox="0 0 199.404 199.404"
                width="100%"
                xmlns="http://www.w3.org/2000/svg"
              >
                <g>
                  <polygon
                    points="63.993,199.404 163.695,99.702 63.993,0 35.709,28.285 107.127,99.702 35.709,171.119  "
                  />
                </g>
              </svg>
            </button>
          </div>
        </div>
      </div>
    </div>
    <div
      className="collectionCardContainer"
    >
      <div
        className="container"
      >
        <h2>
          Kokoelmat
        </h2>
        <div
          className="collectionCardContainer lgSize"
        >
          <div
            className="collectionCardWrapper lgSize"
          >
            <div
              className="imageWrapper"
            />
            <div
              className="textWrapper"
            >
              <div
                className="countWrapper"
              >
                <div
                  className="count"
                >
                  140 kpl
                </div>
              </div>
              <div
                className="titleWrapper"
              >
                <div
                  className="title"
                >
                  Paras kesä ikinä
                </div>
                <div
                  className="description"
                >
                  Kokosimme parhaat tärpit kesälle 2019
                </div>
              </div>
              <div
                className="linkWrapper"
              >
                <a
                  href="/collection/1"
                  onClick={[Function]}
                >
                  <svg
                    className=""
                    height="100%"
                    viewBox="0 0 24 24"
                    width="100%"
                    xmlns="http://www.w3.org/2000/svg"
                  >
                    <g>
                      <polygon
                        points="13.3706831 2 11.5237192 3.84696395 18.0000474 10.3242884 2 10.3242884 2 12.937334 17.9990512 12.937334 11.5237192 19.412666 13.3706831 21.2586338 23 11.6293169"
                      />
                    </g>
                  </svg>
                </a>
              </div>
            </div>
          </div>
        </div>
        <div
          className="collectionCardContainer mdSize"
        >
          <div
            className="collectionCardWrapper mdSize"
          >
            <div
              className="imageWrapper"
            />
            <div
              className="textWrapper"
            >
              <div
                className="countWrapper"
              >
                <div
                  className="count"
                >
                  140 kpl
                </div>
              </div>
              <div
                className="titleWrapper"
              >
                <div
                  className="title"
                >
                  Olipa kerra ihana kesä ja tuleva syksy.
                </div>
                <div
                  className="description"
                >
                  
                </div>
              </div>
              <div
                className="linkWrapper"
              >
                <a
                  href="/collection/2"
                  onClick={[Function]}
                >
                  <svg
                    className=""
                    height="100%"
                    viewBox="0 0 24 24"
                    width="100%"
                    xmlns="http://www.w3.org/2000/svg"
                  >
                    <g>
                      <polygon
                        points="13.3706831 2 11.5237192 3.84696395 18.0000474 10.3242884 2 10.3242884 2 12.937334 17.9990512 12.937334 11.5237192 19.412666 13.3706831 21.2586338 23 11.6293169"
                      />
                    </g>
                  </svg>
                </a>
              </div>
            </div>
          </div>
          <div
            className="collectionCardWrapper mdSize"
          >
            <div
              className="imageWrapper"
            />
            <div
              className="textWrapper"
            >
              <div
                className="countWrapper"
              >
                <div
                  className="count"
                >
                  140 kpl
                </div>
              </div>
              <div
                className="titleWrapper"
              >
                <div
                  className="title"
                >
                  Olipa kerra ihana kesä ja tuleva syksy.
                </div>
                <div
                  className="description"
                >
                  
                </div>
              </div>
              <div
                className="linkWrapper"
              >
                <a
                  href="/collection/3"
                  onClick={[Function]}
                >
                  <svg
                    className=""
                    height="100%"
                    viewBox="0 0 24 24"
                    width="100%"
                    xmlns="http://www.w3.org/2000/svg"
                  >
                    <g>
                      <polygon
                        points="13.3706831 2 11.5237192 3.84696395 18.0000474 10.3242884 2 10.3242884 2 12.937334 17.9990512 12.937334 11.5237192 19.412666 13.3706831 21.2586338 23 11.6293169"
                      />
                    </g>
                  </svg>
                </a>
              </div>
            </div>
          </div>
        </div>
        <div
          className="collectionCardContainer smSize"
        >
          <div
            className="collectionCardWrapper smSize"
          >
            <div
              className="imageWrapper"
            />
            <div
              className="textWrapper"
            >
              <div
                className="countWrapper"
              >
                <div
                  className="count"
                >
                  140 kpl
                </div>
              </div>
              <div
                className="titleWrapper"
              >
                <div
                  className="title"
                >
                  Menoa ja meininkiä viikon lopuksi
                </div>
                <div
                  className="description"
                >
                  
                </div>
              </div>
              <div
                className="linkWrapper"
              >
                <a
                  href="/collection/4"
                  onClick={[Function]}
                >
                  <svg
                    className=""
                    height="100%"
                    viewBox="0 0 24 24"
                    width="100%"
                    xmlns="http://www.w3.org/2000/svg"
                  >
                    <g>
                      <polygon
                        points="13.3706831 2 11.5237192 3.84696395 18.0000474 10.3242884 2 10.3242884 2 12.937334 17.9990512 12.937334 11.5237192 19.412666 13.3706831 21.2586338 23 11.6293169"
                      />
                    </g>
                  </svg>
                </a>
              </div>
            </div>
          </div>
          <div
            className="collectionCardWrapper smSize"
          >
            <div
              className="imageWrapper"
            />
            <div
              className="textWrapper"
            >
              <div
                className="countWrapper"
              >
                <div
                  className="count"
                >
                  140 kpl
                </div>
              </div>
              <div
                className="titleWrapper"
              >
                <div
                  className="title"
                >
                  Vastinetta Netflixille
                </div>
                <div
                  className="description"
                >
                  
                </div>
              </div>
              <div
                className="linkWrapper"
              >
                <a
                  href="/collection/5"
                  onClick={[Function]}
                >
                  <svg
                    className=""
                    height="100%"
                    viewBox="0 0 24 24"
                    width="100%"
                    xmlns="http://www.w3.org/2000/svg"
                  >
                    <g>
                      <polygon
                        points="13.3706831 2 11.5237192 3.84696395 18.0000474 10.3242884 2 10.3242884 2 12.937334 17.9990512 12.937334 11.5237192 19.412666 13.3706831 21.2586338 23 11.6293169"
                      />
                    </g>
                  </svg>
                </a>
              </div>
            </div>
          </div>
          <div
            className="collectionCardWrapper smSize"
          >
            <div
              className="imageWrapper"
            />
            <div
              className="textWrapper"
            >
              <div
                className="countWrapper"
              >
                <div
                  className="count"
                >
                  140 kpl
                </div>
              </div>
              <div
                className="titleWrapper"
              >
                <div
                  className="title"
                >
                  Menoa ja meininkiä viikon lopuksi
                </div>
                <div
                  className="description"
                >
                  
                </div>
              </div>
              <div
                className="linkWrapper"
              >
                <a
                  href="/collection/6"
                  onClick={[Function]}
                >
                  <svg
                    className=""
                    height="100%"
                    viewBox="0 0 24 24"
                    width="100%"
                    xmlns="http://www.w3.org/2000/svg"
                  >
                    <g>
                      <polygon
                        points="13.3706831 2 11.5237192 3.84696395 18.0000474 10.3242884 2 10.3242884 2 12.937334 17.9990512 12.937334 11.5237192 19.412666 13.3706831 21.2586338 23 11.6293169"
                      />
                    </g>
                  </svg>
                </a>
              </div>
            </div>
          </div>
          <div
            className="collectionCardWrapper smSize"
          >
            <div
              className="imageWrapper"
            />
            <div
              className="textWrapper"
            >
              <div
                className="countWrapper"
              >
                <div
                  className="count"
                >
                  140 kpl
                </div>
              </div>
              <div
                className="titleWrapper"
              >
                <div
                  className="title"
                >
                  Vastinetta Netflixille
                </div>
                <div
                  className="description"
                >
                  
                </div>
              </div>
              <div
                className="linkWrapper"
              >
                <a
                  href="/collection/7"
                  onClick={[Function]}
                >
                  <svg
                    className=""
                    height="100%"
                    viewBox="0 0 24 24"
                    width="100%"
                    xmlns="http://www.w3.org/2000/svg"
                  >
                    <g>
                      <polygon
                        points="13.3706831 2 11.5237192 3.84696395 18.0000474 10.3242884 2 10.3242884 2 12.937334 17.9990512 12.937334 11.5237192 19.412666 13.3706831 21.2586338 23 11.6293169"
                      />
                    </g>
                  </svg>
                </a>
              </div>
            </div>
          </div>
        </div>
      </div>
    </div>
  </div>
  <footer>
    <footer
      className="topFooterWrapper"
    >
      <div
        className="container"
      >
        <div
          className="companyInfoWrapper"
        >
          <div
            className="logoWrapper"
          >
            <div
              className="helsinkiLogo"
            />
            <h2
              className="appName"
            >
              Tapahtumat
            </h2>
          </div>
          <div
            className="iconLinkWrapper"
          >
            <div
              className="iconLink"
            >
              <a
                href="/fi/events"
                onClick={[Function]}
              >
                <div
                  className="iconWrapper"
                >
                  <svg>
                    search.svg
                  </svg>
                </div>
                <div
                  className="textWrapper"
                >
                  Etsi tekemistä
                </div>
              </a>
            </div>
            <div
              className="iconLink"
            >
              <a
                href="/fi/collections"
                onClick={[Function]}
              >
                <div
                  className="iconWrapper"
                >
                  <svg>
                    smile.svg
                  </svg>
                </div>
                <div
                  className="textWrapper"
                >
                  Selaa kokoelmia
                </div>
              </a>
            </div>
          </div>
        </div>
        <div
          className="categoriesWrapper"
        >
          <h2
            className="categoriesTitle"
          >
            Kategoriat
          </h2>
          <div
            className="categoryFilters"
          >
            <div
              className="categoryFilter withHorizontalPadding"
            >
              <button
                onClick={[Function]}
              >
                <svg>
                  movie.svg
                </svg>
                <span>
                  Elokuva
                </span>
                <svg
                  className=""
                  height="100%"
                  viewBox="0 0 199.404 199.404"
                  width="100%"
                  xmlns="http://www.w3.org/2000/svg"
                >
                  <g>
                    <polygon
                      points="63.993,199.404 163.695,99.702 63.993,0 35.709,28.285 107.127,99.702 35.709,171.119  "
                    />
                  </g>
                </svg>
              </button>
            </div>
            <div
              className="categoryFilter withHorizontalPadding"
            >
              <button
                onClick={[Function]}
              >
                <svg>
                  music.svg
                </svg>
                <span>
                  Musiikki
                </span>
                <svg
                  className=""
                  height="100%"
                  viewBox="0 0 199.404 199.404"
                  width="100%"
                  xmlns="http://www.w3.org/2000/svg"
                >
                  <g>
                    <polygon
                      points="63.993,199.404 163.695,99.702 63.993,0 35.709,28.285 107.127,99.702 35.709,171.119  "
                    />
                  </g>
                </svg>
              </button>
            </div>
            <div
              className="categoryFilter withHorizontalPadding"
            >
              <button
                onClick={[Function]}
              >
                <svg>
                  sport.svg
                </svg>
                <span>
                  Liikunta ja urheilu
                </span>
                <svg
                  className=""
                  height="100%"
                  viewBox="0 0 199.404 199.404"
                  width="100%"
                  xmlns="http://www.w3.org/2000/svg"
                >
                  <g>
                    <polygon
                      points="63.993,199.404 163.695,99.702 63.993,0 35.709,28.285 107.127,99.702 35.709,171.119  "
                    />
                  </g>
                </svg>
              </button>
            </div>
            <div
              className="categoryFilter withHorizontalPadding"
            >
              <button
                onClick={[Function]}
              >
                <svg>
                  museum.svg
                </svg>
                <span>
                  Museot
                </span>
                <svg
                  className=""
                  height="100%"
                  viewBox="0 0 199.404 199.404"
                  width="100%"
                  xmlns="http://www.w3.org/2000/svg"
                >
                  <g>
                    <polygon
                      points="63.993,199.404 163.695,99.702 63.993,0 35.709,28.285 107.127,99.702 35.709,171.119  "
                    />
                  </g>
                </svg>
              </button>
            </div>
            <div
              className="categoryFilter withHorizontalPadding"
            >
              <button
                onClick={[Function]}
              >
                <svg>
                  dance.svg
                </svg>
                <span>
                  Tanssi
                </span>
                <svg
                  className=""
                  height="100%"
                  viewBox="0 0 199.404 199.404"
                  width="100%"
                  xmlns="http://www.w3.org/2000/svg"
                >
                  <g>
                    <polygon
                      points="63.993,199.404 163.695,99.702 63.993,0 35.709,28.285 107.127,99.702 35.709,171.119  "
                    />
                  </g>
                </svg>
              </button>
            </div>
            <div
              className="categoryFilter withHorizontalPadding"
            >
              <button
                onClick={[Function]}
              >
                <svg>
                  culture.svg
                </svg>
                <span>
                  Kulttuuri ja taide
                </span>
                <svg
                  className=""
                  height="100%"
                  viewBox="0 0 199.404 199.404"
                  width="100%"
                  xmlns="http://www.w3.org/2000/svg"
                >
                  <g>
                    <polygon
                      points="63.993,199.404 163.695,99.702 63.993,0 35.709,28.285 107.127,99.702 35.709,171.119  "
                    />
                  </g>
                </svg>
              </button>
            </div>
            <div
              className="categoryFilter withHorizontalPadding"
            >
              <button
                onClick={[Function]}
              >
                <svg>
                  nature.svg
                </svg>
                <span>
                  Luonto ja ulkoilu
                </span>
                <svg
                  className=""
                  height="100%"
                  viewBox="0 0 199.404 199.404"
                  width="100%"
                  xmlns="http://www.w3.org/2000/svg"
                >
                  <g>
                    <polygon
                      points="63.993,199.404 163.695,99.702 63.993,0 35.709,28.285 107.127,99.702 35.709,171.119  "
                    />
                  </g>
                </svg>
              </button>
            </div>
            <div
              className="categoryFilter withHorizontalPadding"
            >
              <button
                onClick={[Function]}
              >
                <svg>
                  influence.svg
                </svg>
                <span>
                  Osallistu ja vaikuta
                </span>
                <svg
                  className=""
                  height="100%"
                  viewBox="0 0 199.404 199.404"
                  width="100%"
                  xmlns="http://www.w3.org/2000/svg"
                >
                  <g>
                    <polygon
                      points="63.993,199.404 163.695,99.702 63.993,0 35.709,28.285 107.127,99.702 35.709,171.119  "
                    />
                  </g>
                </svg>
              </button>
            </div>
            <div
              className="categoryFilter withHorizontalPadding"
            >
              <button
                onClick={[Function]}
              >
                <svg>
                  theatre.svg
                </svg>
                <span>
                  Teatteri
                </span>
                <svg
                  className=""
                  height="100%"
                  viewBox="0 0 199.404 199.404"
                  width="100%"
                  xmlns="http://www.w3.org/2000/svg"
                >
                  <g>
                    <polygon
                      points="63.993,199.404 163.695,99.702 63.993,0 35.709,28.285 107.127,99.702 35.709,171.119  "
                    />
                  </g>
                </svg>
              </button>
            </div>
            <div
              className="categoryFilter withHorizontalPadding"
            >
              <button
                onClick={[Function]}
              >
                <svg>
                  food.svg
                </svg>
                <span>
                  Ruoka
                </span>
                <svg
                  className=""
                  height="100%"
                  viewBox="0 0 199.404 199.404"
                  width="100%"
                  xmlns="http://www.w3.org/2000/svg"
                >
                  <g>
                    <polygon
                      points="63.993,199.404 163.695,99.702 63.993,0 35.709,28.285 107.127,99.702 35.709,171.119  "
                    />
                  </g>
                </svg>
              </button>
            </div>
          </div>
        </div>
      </div>
    </footer>
    <div
      className="bottomFooter"
    >
      <div
        className="container"
      >
        <div
          className="contentWrapper"
        >
          <div
            className="linkContainer"
          >
            <a
              href="/about"
              onClick={[Function]}
            >
              Tietoa palvelusta
            </a>
            <a
              href="/faq"
              onClick={[Function]}
            >
              Usein kysyttyä
            </a>
            <a
              href="/feedback"
              onClick={[Function]}
            >
              Anna palautetta
            </a>
          </div>
          <div
            className="logoWrapper"
          >
            <div
              className="helsinkiLogo"
            />
          </div>
        </div>
      </div>
    </div>
  </footer>
</div>
`;
