// Jest Snapshot v1, https://goo.gl/fbAQLP

exports[`matches snapshot 1`] = `
<div
  class="eventClosedHero"
>
  <h1>
    Höh, etsimäsi tapahtuma on jo ehtinyt päättyä
  </h1>
  <p>
    Älä huoli, Helsingistä löytyy paljon muuta tekemistä.
  </p>
  <button
    class="Button-module_button__3wgee button_hds-button__2A0je Button-module_success__1LdEx button_hds-button--success__9hpuD"
    type="button"
  >
    <span
      class="Button-module_label__2zMLC button_hds-button__label__2EQa-"
    >
      Siirry etusivulle
    </span>
  </button>
</div>
`;
