// Jest Snapshot v1, https://goo.gl/fbAQLP

exports[`MobileHeader matches snapshot 1`] = `"<header class=\\"mobileHeaderWrapper\\"><div class=\\"container\\"><div class=\\"mobileNavbar\\"><a aria-label=\\"Etusivu\\" class=\\"logoWrapper\\" href=\\"/\\"><div class=\\"logo\\"></div><div class=\\"appName\\">Tapahtumat</div></a><div class=\\"buttonWrapper\\"><button class=\\"menuButton\\" aria-label=\\"Avaa valikko\\"><svg class=\\"Icon-module_icon__1Jtzj icon_hds-icon__1YqNC Icon-module_s__2WGWe icon_hds-icon--size-s__2Lkik\\" viewBox=\\"0 0 24 24\\" xmlns=\\"http://www.w3.org/2000/svg\\"><g fill=\\"none\\" fill-rule=\\"evenodd\\"><path d=\\"M0 0h24v24H0z\\"></path><path d=\\"M22 17v2H2v-2h20zm0-6v2H2v-2h20zm0-6v2H2V5h20z\\" fill=\\"currentColor\\"></path></g></svg></button></div></div></div></header>"`;
