// Jest Snapshot v1, https://goo.gl/fbAQLP

exports[`LandingPageSearch should match snapshot 1`] = `
<div
  class="landingPageSearch"
>
  <div
    class="searchRow"
  >
    <div
      class="titleWrapper"
    >
      <h2>
        Löydä tekemistä
      </h2>
    </div>
    <div
      class="autosuggestWrapper"
    >
      <label
        class="searchLabel white"
        for="search"
      >
        Mitä etsit?
      </label>
      <div
        class="searchAutosuggest"
      >
        <div
          class="iconWrapper"
        >
          <svg
            class="Icon-module_icon__1Jtzj icon_hds-icon__1YqNC Icon-module_s__2WGWe icon_hds-icon--size-s__2Lkik"
            viewBox="0 0 24 24"
            xmlns="http://www.w3.org/2000/svg"
          >
            <g
              fill="none"
              fill-rule="evenodd"
            >
              <path
                d="M0 0h24v24H0z"
              />
              <path
                d="M15 1a8 8 0 11-4.798 14.402l-6.401 6.4-1.591-1.59 6.398-6.4A8 8 0 0115 1zm0 2a6 6 0 100 12 6 6 0 000-12z"
                fill="currentColor"
              />
            </g>
          </svg>
        </div>
        <div
          class="inputWrapper"
        >
          <input
            id="search"
            name="search"
            placeholder="Kirjoita hakusana, esim. rock tai jooga"
            type="text"
            value=""
          />
        </div>
      </div>
    </div>
    <div
      class="dateAndButtonWrapper"
    >
      <div
        class="dateSelectorWrapper"
      >
        <label
          class="searchLabel black srOnly"
          for="date"
        >
          Mille ajankohdalle etsit?
        </label>
        <div
          class="desktopDateSelector"
        >
          <div
            class="dateSelector"
          >
            <button
              aria-expanded="false"
              aria-haspopup="true"
              aria-label="Valitse ajankohta"
              class="button"
              type="button"
            >
              <div
                class="iconWrapper"
              >
                <svg
                  class="Icon-module_icon__1Jtzj icon_hds-icon__1YqNC Icon-module_s__2WGWe icon_hds-icon--size-s__2Lkik"
                  viewBox="0 0 24 24"
                  xmlns="http://www.w3.org/2000/svg"
                >
                  <g
                    fill="none"
                    fill-rule="evenodd"
                  >
                    <path
                      d="M0 0h24v24H0z"
                    />
                    <path
                      d="M17 12a6 6 0 110 12 6 6 0 010-12zm0 2a4 4 0 100 8 4 4 0 000-8zm0-12a1 1 0 011 1v1h4l.002 9.103A7.018 7.018 0 0020 11.674L20 11H4v8l6.071.001a6.95 6.95 0 00.603 2L2 21V4h4V3a1 1 0 112 0v1h8V3a1 1 0 011-1zm.5 13v2.94l1.53 1.53-1.06 1.06L16 18.56V15h1.5zM20 6H4v3h16V6z"
                      fill="currentColor"
                    />
                  </g>
                </svg>
              </div>
              <div
                class="info"
              >
                <div
                  class="buttonTextWrapper"
                >
                  Valitse ajankohta
                </div>
              </div>
              <div
                class="arrowWrapper"
              >
                <svg
                  class="Icon-module_icon__1Jtzj icon_hds-icon__1YqNC Icon-module_s__2WGWe icon_hds-icon--size-s__2Lkik"
                  viewBox="0 0 24 24"
                  xmlns="http://www.w3.org/2000/svg"
                >
                  <g
                    fill="none"
                    fill-rule="evenodd"
                  >
                    <path
                      d="M0 0h24v24H0z"
                    />
                    <path
                      d="M12 13.5l5-5 1.5 1.5-6.5 6.5L5.5 10 7 8.5z"
                      fill="currentColor"
                    />
                  </g>
                </svg>
              </div>
            </button>
          </div>
        </div>
        <div
          class="mobileDateSelector"
        >
          <button
            aria-pressed="false"
            class="toggleButton"
            type="button"
          >
            <div
              class="innerWrapper"
            >
              <span>
                Tänään
              </span>
            </div>
          </button>
          <button
            aria-pressed="false"
            class="toggleButton"
            type="button"
          >
            <div
              class="innerWrapper"
            >
              <span>
                Huomenna
              </span>
            </div>
          </button>
          <button
            aria-pressed="false"
            class="toggleButton"
            type="button"
          >
            <div
              class="innerWrapper"
            >
              <span>
                Tällä viikolla
              </span>
            </div>
          </button>
          <button
            aria-pressed="false"
            class="toggleButton"
            type="button"
          >
            <div
              class="innerWrapper"
            >
              <span>
                Viikonloppuna
              </span>
            </div>
          </button>
          <div
            class="menuWrapper"
          >
            <button
              aria-pressed="false"
              class="toggleButton"
              data-testid="open-date-selector-button"
              type="button"
            >
              <div
                class="innerWrapper"
              >
                <svg
                  class="Icon-module_icon__1Jtzj icon_hds-icon__1YqNC Icon-module_s__2WGWe icon_hds-icon--size-s__2Lkik iconCalendar"
                  viewBox="0 0 24 24"
                  xmlns="http://www.w3.org/2000/svg"
                >
                  <g
                    fill="none"
                    fill-rule="evenodd"
                  >
                    <path
                      d="M0 0h24v24H0z"
                    />
                    <path
                      d="M17 2a1 1 0 011 1v1h4v17H2V4h4V3a1 1 0 112 0v1h8V3a1 1 0 011-1zm3 9H4v8h16v-8zm0-5H4v3h16V6z"
                      fill="currentColor"
                    />
                  </g>
                </svg>
                <span>
                  Valitse päivät
                </span>
              </div>
            </button>
            <div
              class="mobileDateSelectorMenu"
              data-testid="mobile-date-selector-menu"
            >
              <div
                class="wrapper"
              >
                <div
                  class="react-datepicker-wrapper"
                >
                  <div
                    class="react-datepicker__input-container"
                  >
                    <div
                      class="dateRangeInputsContainer"
                    >
                      <div
                        class="dateInputWrapper"
                      >
                        <label
                          class="label"
                          for="mobile_date_start_date"
                        >
                          Alkamispäivä
                        </label>
                        <div
                          class="formatInfo"
                        >
                          pp.kk.vvvv
                        </div>
                        <div
                          class="inputWrapper"
                        >
                          <div
                            class="input"
                          >
                            <input
                              class=""
                              id="mobile_date_start_date"
                              name="mobile_date_start_date"
                              value=""
                            />
                          </div>
                          <div
                            class="icon"
                          >
                            <svg
                              class="Icon-module_icon__1Jtzj icon_hds-icon__1YqNC Icon-module_s__2WGWe icon_hds-icon--size-s__2Lkik"
                              viewBox="0 0 24 24"
                              xmlns="http://www.w3.org/2000/svg"
                            >
                              <g
                                fill="none"
                                fill-rule="evenodd"
                              >
                                <path
                                  d="M0 0h24v24H0z"
                                />
                                <path
                                  d="M20 14v3h3v2h-3v3h-2v-3h-3v-2h3v-3h2zM17 2a1 1 0 011 1v1h4v8h-2v-1H4v8h9v2H2V4h4V3a1 1 0 112 0v1h8V3a1 1 0 011-1zm3 4H4v3h16V6z"
                                  fill="currentColor"
                                />
                              </g>
                            </svg>
                          </div>
                        </div>
                      </div>
                      <div
                        class="dateSeparator"
                      >
                        —
                      </div>
                      <div
                        class="dateInputWrapper"
                      >
                        <label
                          for="mobile_date_end_date"
                        >
                          Loppumispäivä
                        </label>
                        <div
                          class="formatInfo"
                        >
                          pp.kk.vvvv
                        </div>
                        <div
                          class="inputWrapper"
                        >
                          <div
                            class="input"
                          >
                            <input
                              class=""
                              id="mobile_date_end_date"
                              name="mobile_date_end_date"
                              value=""
                            />
                          </div>
                          <div
                            class="icon"
                          >
                            <svg
                              class="Icon-module_icon__1Jtzj icon_hds-icon__1YqNC Icon-module_s__2WGWe icon_hds-icon--size-s__2Lkik"
                              viewBox="0 0 24 24"
                              xmlns="http://www.w3.org/2000/svg"
                            >
                              <g
                                fill="none"
                                fill-rule="evenodd"
                              >
                                <path
                                  d="M0 0h24v24H0z"
                                />
                                <path
                                  d="M20 14v3h3v2h-3v3h-2v-3h-3v-2h3v-3h2zM17 2a1 1 0 011 1v1h4v8h-2v-1H4v8h9v2H2V4h4V3a1 1 0 112 0v1h8V3a1 1 0 011-1zm3 4H4v3h16V6z"
                                  fill="currentColor"
                                />
                              </g>
                            </svg>
                          </div>
                        </div>
                      </div>
                    </div>
                  </div>
                </div>
                <div
                  class="react-datepicker-popper react-datepicker__no-popper"
                  style="position: absolute; top: 0px; left: 0px; opacity: 0; pointer-events: none;"
                >
                  <div>
                    <div
                      class="react-datepicker"
                    >
                      <div
                        class="react-datepicker__triangle"
                      />
                      <button
                        class="react-datepicker__navigation react-datepicker__navigation--next"
                        type="button"
                      >
                        Next Month
                      </button>
                      <div
                        class="react-datepicker__month-container"
                      >
                        <div
                          class="react-datepicker__header"
                        >
                          <div
                            class="react-datepicker__current-month"
                          >
                            elokuu 2020
                          </div>
                          <div
                            class="react-datepicker__header__dropdown react-datepicker__header__dropdown--scroll"
                          />
                          <div
                            class="react-datepicker__day-names"
                          >
                            <div
                              class="react-datepicker__day-name"
                            >
                              ma
                            </div>
                            <div
                              class="react-datepicker__day-name"
                            >
                              ti
                            </div>
                            <div
                              class="react-datepicker__day-name"
                            >
                              ke
                            </div>
                            <div
                              class="react-datepicker__day-name"
                            >
                              to
                            </div>
                            <div
                              class="react-datepicker__day-name"
                            >
                              pe
                            </div>
                            <div
                              class="react-datepicker__day-name"
                            >
                              la
                            </div>
                            <div
                              class="react-datepicker__day-name"
                            >
                              su
                            </div>
                          </div>
                        </div>
                        <div
                          aria-label="month-2020-08"
                          class="react-datepicker__month"
                          role="listbox"
                        >
                          <div
                            class="react-datepicker__week"
                          >
                            <div
                              aria-disabled="true"
                              aria-label="day-27"
                              class="react-datepicker__day react-datepicker__day--027 react-datepicker__day--disabled react-datepicker__day--outside-month"
                              role="option"
                            >
                              27
                            </div>
                            <div
                              aria-disabled="true"
                              aria-label="day-28"
                              class="react-datepicker__day react-datepicker__day--028 react-datepicker__day--disabled react-datepicker__day--outside-month"
                              role="option"
                            >
                              28
                            </div>
                            <div
                              aria-disabled="true"
                              aria-label="day-29"
                              class="react-datepicker__day react-datepicker__day--029 react-datepicker__day--disabled react-datepicker__day--outside-month"
                              role="option"
                            >
                              29
                            </div>
                            <div
                              aria-disabled="true"
                              aria-label="day-30"
                              class="react-datepicker__day react-datepicker__day--030 react-datepicker__day--disabled react-datepicker__day--outside-month"
                              role="option"
                            >
                              30
                            </div>
                            <div
                              aria-disabled="true"
                              aria-label="day-31"
                              class="react-datepicker__day react-datepicker__day--031 react-datepicker__day--disabled react-datepicker__day--outside-month"
                              role="option"
                            >
                              31
                            </div>
                            <div
                              aria-disabled="true"
                              aria-label="day-1"
                              class="react-datepicker__day react-datepicker__day--001 react-datepicker__day--disabled react-datepicker__day--weekend"
                              role="option"
                            >
                              1
                            </div>
                            <div
                              aria-disabled="true"
                              aria-label="day-2"
                              class="react-datepicker__day react-datepicker__day--002 react-datepicker__day--disabled react-datepicker__day--weekend"
                              role="option"
                            >
                              2
                            </div>
                          </div>
                          <div
                            class="react-datepicker__week"
                          >
                            <div
                              aria-disabled="true"
                              aria-label="day-3"
                              class="react-datepicker__day react-datepicker__day--003 react-datepicker__day--disabled"
                              role="option"
                            >
                              3
                            </div>
                            <div
                              aria-disabled="true"
                              aria-label="day-4"
                              class="react-datepicker__day react-datepicker__day--004 react-datepicker__day--disabled"
                              role="option"
                            >
                              4
                            </div>
                            <div
                              aria-disabled="true"
                              aria-label="day-5"
                              class="react-datepicker__day react-datepicker__day--005 react-datepicker__day--disabled"
                              role="option"
                            >
                              5
                            </div>
                            <div
                              aria-disabled="true"
                              aria-label="day-6"
                              class="react-datepicker__day react-datepicker__day--006 react-datepicker__day--disabled"
                              role="option"
                            >
                              6
                            </div>
                            <div
                              aria-disabled="true"
                              aria-label="day-7"
                              class="react-datepicker__day react-datepicker__day--007 react-datepicker__day--disabled"
                              role="option"
                            >
                              7
                            </div>
                            <div
                              aria-disabled="true"
                              aria-label="day-8"
                              class="react-datepicker__day react-datepicker__day--008 react-datepicker__day--disabled react-datepicker__day--weekend"
                              role="option"
                            >
                              8
                            </div>
                            <div
                              aria-disabled="true"
                              aria-label="day-9"
                              class="react-datepicker__day react-datepicker__day--009 react-datepicker__day--disabled react-datepicker__day--weekend"
                              role="option"
                            >
                              9
                            </div>
                          </div>
                          <div
                            class="react-datepicker__week"
                          >
                            <div
                              aria-disabled="true"
                              aria-label="day-10"
                              class="react-datepicker__day react-datepicker__day--010 react-datepicker__day--disabled"
                              role="option"
                            >
                              10
                            </div>
                            <div
                              aria-disabled="true"
                              aria-label="day-11"
                              class="react-datepicker__day react-datepicker__day--011 react-datepicker__day--disabled"
                              role="option"
                            >
                              11
                            </div>
                            <div
                              aria-disabled="true"
                              aria-label="day-12"
                              class="react-datepicker__day react-datepicker__day--012 react-datepicker__day--disabled"
                              role="option"
                            >
                              12
                            </div>
                            <div
                              aria-disabled="true"
                              aria-label="day-13"
                              class="react-datepicker__day react-datepicker__day--013 react-datepicker__day--disabled"
                              role="option"
                            >
                              13
                            </div>
                            <div
                              aria-disabled="true"
                              aria-label="day-14"
                              class="react-datepicker__day react-datepicker__day--014 react-datepicker__day--disabled"
                              role="option"
                            >
                              14
                            </div>
                            <div
                              aria-disabled="true"
                              aria-label="day-15"
                              class="react-datepicker__day react-datepicker__day--015 react-datepicker__day--disabled react-datepicker__day--weekend"
                              role="option"
                            >
                              15
                            </div>
                            <div
                              aria-disabled="true"
                              aria-label="day-16"
                              class="react-datepicker__day react-datepicker__day--016 react-datepicker__day--disabled react-datepicker__day--weekend"
                              role="option"
                            >
                              16
                            </div>
                          </div>
                          <div
                            class="react-datepicker__week"
                          >
                            <div
                              aria-disabled="true"
                              aria-label="day-17"
                              class="react-datepicker__day react-datepicker__day--017 react-datepicker__day--disabled"
                              role="option"
                            >
                              17
                            </div>
                            <div
                              aria-disabled="true"
                              aria-label="day-18"
                              class="react-datepicker__day react-datepicker__day--018 react-datepicker__day--disabled"
                              role="option"
                            >
                              18
                            </div>
                            <div
                              aria-disabled="true"
                              aria-label="day-19"
                              class="react-datepicker__day react-datepicker__day--019 react-datepicker__day--disabled"
                              role="option"
                            >
                              19
                            </div>
                            <div
                              aria-disabled="false"
                              aria-label="day-20"
                              class="react-datepicker__day react-datepicker__day--020 react-datepicker__day--keyboard-selected react-datepicker__day--today"
                              role="option"
                            >
                              20
                            </div>
                            <div
                              aria-disabled="false"
                              aria-label="day-21"
                              class="react-datepicker__day react-datepicker__day--021"
                              role="option"
                            >
                              21
                            </div>
                            <div
                              aria-disabled="false"
                              aria-label="day-22"
                              class="react-datepicker__day react-datepicker__day--022 react-datepicker__day--weekend"
                              role="option"
                            >
                              22
                            </div>
                            <div
                              aria-disabled="false"
                              aria-label="day-23"
                              class="react-datepicker__day react-datepicker__day--023 react-datepicker__day--weekend"
                              role="option"
                            >
                              23
                            </div>
                          </div>
                          <div
                            class="react-datepicker__week"
                          >
                            <div
                              aria-disabled="false"
                              aria-label="day-24"
                              class="react-datepicker__day react-datepicker__day--024"
                              role="option"
                            >
                              24
                            </div>
                            <div
                              aria-disabled="false"
                              aria-label="day-25"
                              class="react-datepicker__day react-datepicker__day--025"
                              role="option"
                            >
                              25
                            </div>
                            <div
                              aria-disabled="false"
                              aria-label="day-26"
                              class="react-datepicker__day react-datepicker__day--026"
                              role="option"
                            >
                              26
                            </div>
                            <div
                              aria-disabled="false"
                              aria-label="day-27"
                              class="react-datepicker__day react-datepicker__day--027"
                              role="option"
                            >
                              27
                            </div>
                            <div
                              aria-disabled="false"
                              aria-label="day-28"
                              class="react-datepicker__day react-datepicker__day--028"
                              role="option"
                            >
                              28
                            </div>
                            <div
                              aria-disabled="false"
                              aria-label="day-29"
                              class="react-datepicker__day react-datepicker__day--029 react-datepicker__day--weekend"
                              role="option"
                            >
                              29
                            </div>
                            <div
                              aria-disabled="false"
                              aria-label="day-30"
                              class="react-datepicker__day react-datepicker__day--030 react-datepicker__day--weekend"
                              role="option"
                            >
                              30
                            </div>
                          </div>
                          <div
                            class="react-datepicker__week"
                          >
                            <div
                              aria-disabled="false"
                              aria-label="day-31"
                              class="react-datepicker__day react-datepicker__day--031"
                              role="option"
                            >
                              31
                            </div>
                            <div
                              aria-disabled="false"
                              aria-label="day-1"
                              class="react-datepicker__day react-datepicker__day--001 react-datepicker__day--outside-month"
                              role="option"
                            >
                              1
                            </div>
                            <div
                              aria-disabled="false"
                              aria-label="day-2"
                              class="react-datepicker__day react-datepicker__day--002 react-datepicker__day--outside-month"
                              role="option"
                            >
                              2
                            </div>
                            <div
                              aria-disabled="false"
                              aria-label="day-3"
                              class="react-datepicker__day react-datepicker__day--003 react-datepicker__day--outside-month"
                              role="option"
                            >
                              3
                            </div>
                            <div
                              aria-disabled="false"
                              aria-label="day-4"
                              class="react-datepicker__day react-datepicker__day--004 react-datepicker__day--outside-month"
                              role="option"
                            >
                              4
                            </div>
                            <div
                              aria-disabled="false"
                              aria-label="day-5"
                              class="react-datepicker__day react-datepicker__day--005 react-datepicker__day--weekend react-datepicker__day--outside-month"
                              role="option"
                            >
                              5
                            </div>
                            <div
                              aria-disabled="false"
                              aria-label="day-6"
                              class="react-datepicker__day react-datepicker__day--006 react-datepicker__day--weekend react-datepicker__day--outside-month"
                              role="option"
                            >
                              6
                            </div>
                          </div>
                        </div>
                      </div>
                    </div>
                  </div>
                </div>
              </div>
              <button
                class="button btnClose"
              >
                <div
                  class="buttonText"
                >
                  Sulje
                </div>
              </button>
            </div>
          </div>
        </div>
      </div>
      <div
        class="buttonWrapper"
      >
        <button
          class="Button-module_button__3wgee button_hds-button__2A0je Button-module_success__1LdEx button_hds-button--success__9hpuD Button-module_fullWidth__2AR2o button_hds-button--fullwidth__1_hG9"
          type="button"
        >
          <div
            aria-hidden="true"
            class="Button-module_icon__3Wlc6 button_hds-icon__17j8Z"
          >
            <svg
              class="Icon-module_icon__1Jtzj icon_hds-icon__1YqNC Icon-module_s__2WGWe icon_hds-icon--size-s__2Lkik"
              viewBox="0 0 24 24"
              xmlns="http://www.w3.org/2000/svg"
            >
              <g
                fill="none"
                fill-rule="evenodd"
              >
                <path
                  d="M0 0h24v24H0z"
                />
                <path
                  d="M15 1a8 8 0 11-4.798 14.402l-6.401 6.4-1.591-1.59 6.398-6.4A8 8 0 0115 1zm0 2a6 6 0 100 12 6 6 0 000-12z"
                  fill="currentColor"
                />
              </g>
            </svg>
          </div>
          <span
            class="Button-module_label__2zMLC button_hds-button__label__2EQa-"
          >
            Hae
          </span>
        </button>
      </div>
    </div>
  </div>
  <div
    class="linkRow"
  >
    <a
      class="link whiteColor smallSize"
      href="/fi/events"
    >
      Tarkennettu haku
      <svg
        class="Icon-module_icon__1Jtzj icon_hds-icon__1YqNC Icon-module_s__2WGWe icon_hds-icon--size-s__2Lkik"
        viewBox="0 0 24 24"
        xmlns="http://www.w3.org/2000/svg"
      >
        <g
          fill="none"
          fill-rule="evenodd"
        >
          <path
            d="M0 24V0h24v24z"
          />
          <path
            d="M13 12.5l-5-5L9.5 6l6.5 6.5L9.5 19 8 17.5z"
            fill="currentColor"
          />
        </g>
      </svg>
    </a>
  </div>
</div>
`;
