// Jest Snapshot v1, https://goo.gl/fbAQLP

exports[`matches snapshot 1`] = `
<div
  class="categoryFilter"
>
  <a
    href="/test"
  >
    <svg
      class="Icon-module_icon__1Jtzj icon_hds-icon__1YqNC Icon-module_s__2WGWe icon_hds-icon--size-s__2Lkik"
      role="img"
      viewBox="0 0 24 24"
      xmlns="http://www.w3.org/2000/svg"
    >
      <g
        fill="none"
        fill-rule="evenodd"
      >
        <path
          d="M0 0h24v24H0z"
        />
        <path
          d="M1 13L12 2l11 11-1.5 1.5L20 13v8H4v-8l-1.5 1.5L1 13zm11-8l-6 6v8l2.999-.001L9 12h6l-.001 6.999L18 19v-8l-6-6zm1 9h-2l-.001 4.999h2L13 14z"
          fill="currentColor"
        />
      </g>
    </svg>
    <span>
      text
    </span>
    <svg
      aria-hidden="true"
      class="Icon-module_icon__1Jtzj icon_hds-icon__1YqNC Icon-module_s__2WGWe icon_hds-icon--size-s__2Lkik"
      role="img"
      viewBox="0 0 24 24"
      xmlns="http://www.w3.org/2000/svg"
    >
      <g
        fill="none"
        fill-rule="evenodd"
      >
        <polygon
          points="0 24 0 0 24 0 24 24"
        />
        <polygon
          fill="currentColor"
          points="13.5 12 8.5 7 10 5.5 16.5 12 10 18.5 8.5 17"
        />
      </g>
    </svg>
  </a>
</div>
`;
