// Jest Snapshot v1, https://goo.gl/fbAQLP

exports[`Select matches snapshot 1`] = `"<div class=\\"select css-2b097c-container\\"><div class=\\"select__control css-yk16xz-control\\"><div class=\\"select__value-container select__value-container--has-value css-1hwfws3\\"><div class=\\"select__single-value css-1uccc91-singleValue\\">label2</div><input id=\\"react-select-2-input\\" readonly=\\"\\" tabindex=\\"0\\" value=\\"\\" class=\\"css-62g3xt-dummyInput\\"/></div><div class=\\"select__indicators css-1hb7zxy-IndicatorsContainer\\"><div class=\\"select__dropdown-indicator\\"><svg xmlns=\\"http://www.w3.org/2000/svg\\" width=\\"100%\\" height=\\"100%\\" viewBox=\\"0 0 199.404 199.404\\" class=\\"\\"><g><polygon points=\\"199.404,63.993 171.12,35.709 99.702,107.127 28.284,35.709 0,63.993 99.702,163.695\\"></polygon></g></svg></div></div></div></div>"`;
