// Jest Snapshot v1, https://goo.gl/fbAQLP

exports[`BottomFooter matches snapshot 1`] = `
<div
  aria-hidden={false}
  className="bottomFooter"
>
  <div
    className="container"
  >
    <div>
      <div
        className="contentWrapper"
      >
        <div
          className="linkContainer"
        >
          <a
            href="/fi/about"
            onClick={[Function]}
          >
            Tietoa palvelusta
          </a>
          <a
            href="https://www.hel.fi/helsinki/fi/kaupunki-ja-hallinto/osallistu-ja-vaikuta/palaute/anna-palautetta"
          >
            Anna palautetta
          </a>
        </div>
      </div>
    </div>
  </div>
</div>
`;
