// Jest Snapshot v1, https://goo.gl/fbAQLP

exports[`matches snapshot 1`] = `
<div
  aria-hidden="false"
  class="bottomFooter"
>
  <div
    class="container"
  >
    <div
      class="contentWrapper"
    >
      <div
        class="linkContainer"
      >
        <a
          href="/fi/about"
        >
          Tietoa palvelusta
        </a>
        <a
          href="https://www.hel.fi/helsinki/fi/kaupunki-ja-hallinto/osallistu-ja-vaikuta/palaute/anna-palautetta"
        >
          Anna palautetta
        </a>
      </div>
    </div>
  </div>
</div>
`;
